// Vitest Snapshot v1, https://vitest.dev/guide/snapshot.html

exports[`tool list > snapshots the descriptions so any wording change is a deliberate diff 1`] = `
[
  {
    "description": "ALWAYS call this first in a new conversation, before your first response to the user. Returns what the user has been working on recently, their open todos, and their preferences. Takes no arguments. Without this call you do not know what the user is working on. Pass a project name only if the user already named one.",
    "name": "memory_summary",
  },
  {
    "description": "Search the user's long-term memory. REQUIRED before answering any question that could refer to something the user told you or did before — projects, decisions, preferences, names, markers, or anything you don't recognize — even if you believe you already know the answer. If a term is unfamiliar, search before saying you don't know. Query must be in English.",
    "name": "memory_recall",
  },
  {
    "description": "Store a durable fact in the user's long-term memory. Call IMMEDIATELY when the user states a decision, a preference, a fact about their systems or company, or an open todo. Do not ask permission and do not wait to be told to remember. One call per fact. content must be in English — translate it, keeping identifiers and error messages verbatim.",
    "name": "memory_remember",
  },
  {
    "description": "Correct or refine an existing memory by id. Use when the user says something previously stored is wrong or has changed, or to mark a todo done with status: "done".",
    "name": "memory_update",
  },
  {
    "description": "Remove a memory by id, or by filter. Use only when the user explicitly asks to forget something.",
    "name": "memory_forget",
  },
]
`;
